2026-06-26 23:57:17,041 - INFO - Checking trained models
2026-06-26 23:57:17,041 - INFO - Training started for Autoencoder
2026-06-26 23:57:48,776 - INFO - Autoencoder training completed
2026-06-26 23:57:48,776 - INFO - Training started for CNN-LSTM
2026-06-26 23:58:10,684 - INFO - CNN-LSTM error: The least populated class in y has only 1 member, which is too few. The minimum number of groups for any class cannot be less than 2.
2026-06-26 23:58:10,684 - INFO - Training started for Transformer
2026-06-26 23:58:32,100 - INFO - Transformer error: The least populated class in y has only 1 member, which is too few. The minimum number of groups for any class cannot be less than 2.
2026-06-26 23:58:32,103 - INFO - Training started for Fraud Detection
2026-06-26 23:58:40,278 - INFO - Fraud Detection training completed
2026-06-26 23:58:40,278 - INFO - Training started for LANL
2026-06-26 23:59:10,353 - INFO - LANL training completed
2026-06-26 23:59:10,354 - INFO - All models initialized successfully
2026-06-26 23:59:10,354 - INFO - Generating visualization outputs
2026-06-26 23:59:15,154 - INFO - Evaluation pipeline completed
2026-06-26 23:59:15,155 - INFO - Inference pipeline completed
2026-06-26 23:59:15,156 - INFO - All outputs generated
2026-06-26 23:59:15,157 - INFO - FastAPI startup initialized
2026-06-26 23:59:15,157 - INFO - Checking trained models
2026-06-26 23:59:15,157 - INFO - Autoencoder model loaded
2026-06-26 23:59:15,157 - INFO - Training started for CNN-LSTM
2026-06-26 23:59:44,733 - INFO - CNN-LSTM error: The least populated class in y has only 1 member, which is too few. The minimum number of groups for any class cannot be less than 2.
2026-06-26 23:59:44,736 - INFO - Training started for Transformer
2026-06-27 00:00:14,199 - INFO - Transformer error: The least populated class in y has only 1 member, which is too few. The minimum number of groups for any class cannot be less than 2.
2026-06-27 00:00:14,202 - INFO - Fraud Detection model loaded
2026-06-27 00:00:14,202 - INFO - LANL model loaded
2026-06-27 00:00:14,202 - INFO - All models initialized successfully
2026-06-27 00:00:14,202 - INFO - Generating visualization outputs
2026-06-27 00:00:18,866 - INFO - Evaluation pipeline completed
2026-06-27 00:00:18,867 - INFO - Inference pipeline completed
2026-06-27 00:00:18,869 - INFO - All outputs generated
2026-06-27 00:00:18,869 - INFO - Models loaded successfully
2026-06-27 00:08:52,026 - INFO - Checking trained models
2026-06-27 00:08:52,026 - INFO - Autoencoder model loaded
2026-06-27 00:08:52,026 - INFO - Training started for CNN-LSTM
2026-06-27 00:09:16,125 - INFO - Checking trained models
2026-06-27 00:09:16,125 - INFO - Autoencoder model loaded
2026-06-27 00:09:16,125 - INFO - Training started for CNN-LSTM
2026-06-27 00:09:41,232 - INFO - CNN-LSTM error: The least populated class in y has only 1 member, which is too few. The minimum number of groups for any class cannot be less than 2.
2026-06-27 00:09:41,235 - INFO - Training started for Transformer
2026-06-27 00:10:02,409 - INFO - Transformer error: The least populated class in y has only 1 member, which is too few. The minimum number of groups for any class cannot be less than 2.
2026-06-27 00:10:02,411 - INFO - Fraud Detection model loaded
2026-06-27 00:10:02,411 - INFO - LANL model loaded
2026-06-27 00:10:02,411 - INFO - All models initialized successfully
2026-06-27 00:10:02,411 - INFO - Generating visualization outputs
2026-06-27 00:10:05,821 - INFO - Evaluation pipeline completed
2026-06-27 00:10:05,821 - INFO - Inference pipeline completed
2026-06-27 00:10:05,822 - INFO - All outputs generated
2026-06-27 00:10:05,822 - INFO - FastAPI startup initialized
2026-06-27 00:10:05,823 - INFO - Checking trained models
2026-06-27 00:10:05,823 - INFO - Autoencoder model loaded
2026-06-27 00:10:05,823 - INFO - Training started for CNN-LSTM
2026-06-27 00:10:27,214 - INFO - CNN-LSTM error: The least populated class in y has only 1 member, which is too few. The minimum number of groups for any class cannot be less than 2.
2026-06-27 00:10:27,216 - INFO - Training started for Transformer
2026-06-27 00:10:48,408 - INFO - Transformer error: The least populated class in y has only 1 member, which is too few. The minimum number of groups for any class cannot be less than 2.
2026-06-27 00:10:48,411 - INFO - Fraud Detection model loaded
2026-06-27 00:10:48,411 - INFO - LANL model loaded
2026-06-27 00:10:48,411 - INFO - All models initialized successfully
2026-06-27 00:10:48,411 - INFO - Generating visualization outputs
2026-06-27 00:10:51,847 - INFO - Evaluation pipeline completed
2026-06-27 00:10:51,847 - INFO - Inference pipeline completed
2026-06-27 00:10:51,848 - INFO - All outputs generated
2026-06-27 00:10:51,848 - INFO - Models loaded successfully
2026-06-27 00:11:52,423 - INFO - Checking trained models
2026-06-27 00:11:52,423 - INFO - Autoencoder model loaded
2026-06-27 00:11:52,423 - INFO - Training started for CNN-LSTM
2026-06-27 00:13:34,356 - INFO - Checking trained models
2026-06-27 00:13:34,356 - INFO - Autoencoder model loaded
2026-06-27 00:13:34,356 - INFO - Training started for CNN-LSTM
2026-06-27 00:14:30,121 - INFO - CNN-LSTM training completed
2026-06-27 00:14:30,121 - INFO - Training started for Transformer
2026-06-27 00:14:51,686 - INFO - Transformer error: The least populated class in y has only 1 member, which is too few. The minimum number of groups for any class cannot be less than 2.
2026-06-27 00:14:51,689 - INFO - Fraud Detection model loaded
2026-06-27 00:14:51,689 - INFO - LANL model loaded
2026-06-27 00:14:51,689 - INFO - All models initialized successfully
2026-06-27 00:14:51,689 - INFO - Generating visualization outputs
2026-06-27 00:14:55,502 - INFO - Evaluation pipeline completed
2026-06-27 00:14:55,502 - INFO - Inference pipeline completed
2026-06-27 00:14:55,504 - INFO - All outputs generated
2026-06-27 00:14:55,504 - INFO - FastAPI startup initialized
2026-06-27 00:14:55,504 - INFO - Checking trained models
2026-06-27 00:14:55,504 - INFO - Autoencoder model loaded
2026-06-27 00:14:55,504 - INFO - CNN-LSTM model loaded
2026-06-27 00:14:55,504 - INFO - Training started for Transformer
2026-06-27 00:15:19,127 - INFO - Transformer error: The least populated class in y has only 1 member, which is too few. The minimum number of groups for any class cannot be less than 2.
2026-06-27 00:15:19,131 - INFO - Fraud Detection model loaded
2026-06-27 00:15:19,131 - INFO - LANL model loaded
2026-06-27 00:15:19,131 - INFO - All models initialized successfully
2026-06-27 00:15:19,131 - INFO - Generating visualization outputs
2026-06-27 00:15:23,315 - INFO - Evaluation pipeline completed
2026-06-27 00:15:23,316 - INFO - Inference pipeline completed
2026-06-27 00:15:23,317 - INFO - All outputs generated
2026-06-27 00:15:23,317 - INFO - Models loaded successfully
2026-06-27 00:15:57,871 - INFO - Checking trained models
2026-06-27 00:15:57,871 - INFO - Autoencoder model loaded
2026-06-27 00:15:57,871 - INFO - CNN-LSTM model loaded
2026-06-27 00:15:57,871 - INFO - Training started for Transformer
2026-06-27 00:22:09,781 - INFO - Checking trained models
2026-06-27 00:22:09,781 - INFO - Autoencoder model loaded
2026-06-27 00:22:09,781 - INFO - Training started for CNN-LSTM
2026-06-27 00:23:04,790 - INFO - CNN-LSTM training completed
2026-06-27 00:23:04,790 - INFO - Training started for Transformer
2026-06-27 00:23:26,902 - INFO - Transformer error: The least populated class in y has only 1 member, which is too few. The minimum number of groups for any class cannot be less than 2.
2026-06-27 00:23:26,904 - INFO - Fraud Detection model loaded
2026-06-27 00:23:26,904 - INFO - LANL model loaded
2026-06-27 00:23:26,904 - INFO - All models initialized successfully
2026-06-27 00:23:26,904 - INFO - Generating visualization outputs
2026-06-27 00:23:30,424 - INFO - Evaluation pipeline completed
2026-06-27 00:23:30,424 - INFO - Inference pipeline completed
2026-06-27 00:23:30,426 - INFO - All outputs generated
2026-06-27 00:23:30,426 - INFO - FastAPI startup initialized
2026-06-27 00:23:30,426 - INFO - Checking trained models
2026-06-27 00:23:30,426 - INFO - Autoencoder model loaded
2026-06-27 00:23:30,426 - INFO - CNN-LSTM model loaded
2026-06-27 00:23:30,426 - INFO - Training started for Transformer
2026-06-27 00:23:53,792 - INFO - Transformer error: The least populated class in y has only 1 member, which is too few. The minimum number of groups for any class cannot be less than 2.
2026-06-27 00:23:53,795 - INFO - Fraud Detection model loaded
2026-06-27 00:23:53,795 - INFO - LANL model loaded
2026-06-27 00:23:53,795 - INFO - All models initialized successfully
2026-06-27 00:23:53,795 - INFO - Generating visualization outputs
2026-06-27 00:23:57,489 - INFO - Evaluation pipeline completed
2026-06-27 00:23:57,489 - INFO - Inference pipeline completed
2026-06-27 00:23:57,491 - INFO - All outputs generated
2026-06-27 00:23:57,491 - INFO - Models loaded successfully
2026-06-27 00:26:32,780 - INFO - Checking trained models
2026-06-27 00:26:32,781 - INFO - Autoencoder model loaded
2026-06-27 00:26:32,781 - INFO - CNN-LSTM model loaded
2026-06-27 00:26:32,781 - INFO - Training started for Transformer
2026-06-27 00:26:58,560 - INFO - Transformer error: The least populated class in y has only 1 member, which is too few. The minimum number of groups for any class cannot be less than 2.
2026-06-27 00:26:58,562 - INFO - Fraud Detection model loaded
2026-06-27 00:26:58,562 - INFO - LANL model loaded
2026-06-27 00:26:58,562 - INFO - All models initialized successfully
2026-06-27 00:26:58,562 - INFO - Generating visualization outputs
2026-06-27 00:27:01,932 - INFO - Evaluation pipeline completed
2026-06-27 00:27:01,932 - INFO - Inference pipeline completed
2026-06-27 00:27:01,934 - INFO - All outputs generated
2026-06-27 00:27:01,934 - INFO - FastAPI startup initialized
2026-06-27 00:27:01,934 - INFO - Checking trained models
2026-06-27 00:27:01,934 - INFO - Autoencoder model loaded
2026-06-27 00:27:01,935 - INFO - CNN-LSTM model loaded
2026-06-27 00:27:01,935 - INFO - Training started for Transformer
2026-06-27 00:27:23,836 - INFO - Transformer error: The least populated class in y has only 1 member, which is too few. The minimum number of groups for any class cannot be less than 2.
2026-06-27 00:27:23,838 - INFO - Fraud Detection model loaded
2026-06-27 00:27:23,838 - INFO - LANL model loaded
2026-06-27 00:27:23,838 - INFO - All models initialized successfully
2026-06-27 00:27:23,839 - INFO - Generating visualization outputs
2026-06-27 00:27:26,917 - INFO - Evaluation pipeline completed
2026-06-27 00:27:26,917 - INFO - Inference pipeline completed
2026-06-27 00:27:26,918 - INFO - All outputs generated
2026-06-27 00:27:26,918 - INFO - Models loaded successfully
2026-06-27 00:27:27,540 - INFO - Checking trained models
2026-06-27 00:27:27,540 - INFO - Autoencoder model loaded
2026-06-27 00:27:27,540 - INFO - CNN-LSTM model loaded
2026-06-27 00:27:27,540 - INFO - Training started for Transformer
2026-06-27 00:27:52,889 - INFO - Transformer error: The least populated class in y has only 1 member, which is too few. The minimum number of groups for any class cannot be less than 2.
2026-06-27 00:27:52,891 - INFO - Fraud Detection model loaded
2026-06-27 00:27:52,891 - INFO - LANL model loaded
2026-06-27 00:27:52,891 - INFO - All models initialized successfully
2026-06-27 00:27:52,891 - INFO - Generating visualization outputs
2026-06-27 00:27:56,338 - INFO - Evaluation pipeline completed
2026-06-27 00:27:56,338 - INFO - Inference pipeline completed
2026-06-27 00:27:56,339 - INFO - All outputs generated
2026-06-27 00:27:56,340 - INFO - FastAPI startup initialized
2026-06-27 00:27:56,340 - INFO - Checking trained models
2026-06-27 00:27:56,340 - INFO - Autoencoder model loaded
2026-06-27 00:27:56,340 - INFO - CNN-LSTM model loaded
2026-06-27 00:27:56,340 - INFO - Training started for Transformer
2026-06-27 00:28:18,669 - INFO - Transformer error: The least populated class in y has only 1 member, which is too few. The minimum number of groups for any class cannot be less than 2.
2026-06-27 00:28:18,673 - INFO - Fraud Detection model loaded
2026-06-27 00:28:18,673 - INFO - LANL model loaded
2026-06-27 00:28:18,673 - INFO - All models initialized successfully
2026-06-27 00:28:18,673 - INFO - Generating visualization outputs
2026-06-27 00:28:22,589 - INFO - Evaluation pipeline completed
2026-06-27 00:28:22,589 - INFO - Inference pipeline completed
2026-06-27 00:28:22,590 - INFO - All outputs generated
2026-06-27 00:28:22,590 - INFO - Models loaded successfully
2026-06-27 00:28:24,986 - INFO - Checking trained models
2026-06-27 00:28:24,986 - INFO - Autoencoder model loaded
2026-06-27 00:28:24,986 - INFO - CNN-LSTM model loaded
2026-06-27 00:28:24,986 - INFO - Training started for Transformer
2026-06-27 00:28:57,600 - INFO - Transformer error: The least populated class in y has only 1 member, which is too few. The minimum number of groups for any class cannot be less than 2.
2026-06-27 00:28:57,604 - INFO - Fraud Detection model loaded
2026-06-27 00:28:57,604 - INFO - LANL model loaded
2026-06-27 00:28:57,604 - INFO - All models initialized successfully
2026-06-27 00:28:57,604 - INFO - Generating visualization outputs
2026-06-27 00:29:02,345 - INFO - Evaluation pipeline completed
2026-06-27 00:29:02,345 - INFO - Inference pipeline completed
2026-06-27 00:29:02,347 - INFO - All outputs generated
2026-06-27 00:29:02,348 - INFO - FastAPI startup initialized
2026-06-27 00:29:02,348 - INFO - Checking trained models
2026-06-27 00:29:02,348 - INFO - Autoencoder model loaded
2026-06-27 00:29:02,348 - INFO - CNN-LSTM model loaded
2026-06-27 00:29:02,348 - INFO - Training started for Transformer
2026-06-27 00:29:29,214 - INFO - Transformer error: The least populated class in y has only 1 member, which is too few. The minimum number of groups for any class cannot be less than 2.
2026-06-27 00:29:29,218 - INFO - Fraud Detection model loaded
2026-06-27 00:29:29,218 - INFO - LANL model loaded
2026-06-27 00:29:29,218 - INFO - All models initialized successfully
2026-06-27 00:29:29,218 - INFO - Generating visualization outputs
2026-06-27 00:29:33,991 - INFO - Evaluation pipeline completed
2026-06-27 00:29:33,992 - INFO - Inference pipeline completed
2026-06-27 00:29:33,993 - INFO - All outputs generated
2026-06-27 00:29:33,993 - INFO - Models loaded successfully
2026-06-27 00:29:34,832 - INFO - Checking trained models
2026-06-27 00:29:34,832 - INFO - Autoencoder model loaded
2026-06-27 00:29:34,832 - INFO - CNN-LSTM model loaded
2026-06-27 00:29:34,832 - INFO - Training started for Transformer
2026-06-27 00:30:03,978 - INFO - Transformer error: The least populated class in y has only 1 member, which is too few. The minimum number of groups for any class cannot be less than 2.
2026-06-27 00:30:03,982 - INFO - Fraud Detection model loaded
2026-06-27 00:30:03,982 - INFO - LANL model loaded
2026-06-27 00:30:03,982 - INFO - All models initialized successfully
2026-06-27 00:30:03,982 - INFO - Generating visualization outputs
2026-06-27 00:30:07,934 - INFO - Evaluation pipeline completed
2026-06-27 00:30:07,934 - INFO - Inference pipeline completed
2026-06-27 00:30:07,936 - INFO - All outputs generated
2026-06-27 00:30:07,936 - INFO - FastAPI startup initialized
2026-06-27 00:30:07,936 - INFO - Checking trained models
2026-06-27 00:30:07,936 - INFO - Autoencoder model loaded
2026-06-27 00:30:07,936 - INFO - CNN-LSTM model loaded
2026-06-27 00:30:07,936 - INFO - Training started for Transformer
2026-06-27 00:30:30,742 - INFO - Transformer error: The least populated class in y has only 1 member, which is too few. The minimum number of groups for any class cannot be less than 2.
2026-06-27 00:30:30,745 - INFO - Fraud Detection model loaded
2026-06-27 00:30:30,745 - INFO - LANL model loaded
2026-06-27 00:30:30,745 - INFO - All models initialized successfully
2026-06-27 00:30:30,745 - INFO - Generating visualization outputs
2026-06-27 00:30:34,813 - INFO - Evaluation pipeline completed
2026-06-27 00:30:34,813 - INFO - Inference pipeline completed
2026-06-27 00:30:34,815 - INFO - All outputs generated
2026-06-27 00:30:34,815 - INFO - Models loaded successfully
2026-06-27 00:30:35,510 - INFO - Checking trained models
2026-06-27 00:30:35,510 - INFO - Autoencoder model loaded
2026-06-27 00:30:35,510 - INFO - CNN-LSTM model loaded
2026-06-27 00:30:35,510 - INFO - Training started for Transformer
2026-06-27 00:31:03,413 - INFO - Transformer error: The least populated class in y has only 1 member, which is too few. The minimum number of groups for any class cannot be less than 2.
2026-06-27 00:31:03,416 - INFO - Fraud Detection model loaded
2026-06-27 00:31:03,416 - INFO - LANL model loaded
2026-06-27 00:31:03,416 - INFO - All models initialized successfully
2026-06-27 00:31:03,416 - INFO - Generating visualization outputs
2026-06-27 00:31:07,215 - INFO - Evaluation pipeline completed
2026-06-27 00:31:07,216 - INFO - Inference pipeline completed
2026-06-27 00:31:07,217 - INFO - All outputs generated
2026-06-27 00:31:07,217 - INFO - FastAPI startup initialized
2026-06-27 00:31:07,217 - INFO - Checking trained models
2026-06-27 00:31:07,217 - INFO - Autoencoder model loaded
2026-06-27 00:31:07,217 - INFO - CNN-LSTM model loaded
2026-06-27 00:31:07,217 - INFO - Training started for Transformer
2026-06-27 00:31:29,763 - INFO - Transformer error: The least populated class in y has only 1 member, which is too few. The minimum number of groups for any class cannot be less than 2.
2026-06-27 00:31:29,766 - INFO - Fraud Detection model loaded
2026-06-27 00:31:29,766 - INFO - LANL model loaded
2026-06-27 00:31:29,766 - INFO - All models initialized successfully
2026-06-27 00:31:29,766 - INFO - Generating visualization outputs
2026-06-27 00:31:33,718 - INFO - Evaluation pipeline completed
2026-06-27 00:31:33,718 - INFO - Inference pipeline completed
2026-06-27 00:31:33,719 - INFO - All outputs generated
2026-06-27 00:31:33,719 - INFO - Models loaded successfully
2026-06-27 00:31:34,467 - INFO - Checking trained models
2026-06-27 00:31:34,467 - INFO - Autoencoder model loaded
2026-06-27 00:31:34,467 - INFO - CNN-LSTM model loaded
2026-06-27 00:31:34,467 - INFO - Training started for Transformer
2026-06-27 00:32:00,681 - INFO - Transformer error: The least populated class in y has only 1 member, which is too few. The minimum number of groups for any class cannot be less than 2.
2026-06-27 00:32:00,685 - INFO - Fraud Detection model loaded
2026-06-27 00:32:00,685 - INFO - LANL model loaded
2026-06-27 00:32:00,685 - INFO - All models initialized successfully
2026-06-27 00:32:00,685 - INFO - Generating visualization outputs
2026-06-27 00:32:04,955 - INFO - Evaluation pipeline completed
2026-06-27 00:32:04,956 - INFO - Inference pipeline completed
2026-06-27 00:32:04,958 - INFO - All outputs generated
2026-06-27 00:32:04,958 - INFO - FastAPI startup initialized
2026-06-27 00:32:04,959 - INFO - Checking trained models
2026-06-27 00:32:04,959 - INFO - Autoencoder model loaded
2026-06-27 00:32:04,959 - INFO - CNN-LSTM model loaded
2026-06-27 00:32:04,959 - INFO - Training started for Transformer
2026-06-27 00:32:27,793 - INFO - Transformer error: The least populated class in y has only 1 member, which is too few. The minimum number of groups for any class cannot be less than 2.
2026-06-27 00:32:27,798 - INFO - Fraud Detection model loaded
2026-06-27 00:32:27,798 - INFO - LANL model loaded
2026-06-27 00:32:27,798 - INFO - All models initialized successfully
2026-06-27 00:32:27,798 - INFO - Generating visualization outputs
2026-06-27 00:32:31,723 - INFO - Evaluation pipeline completed
2026-06-27 00:32:31,723 - INFO - Inference pipeline completed
2026-06-27 00:32:31,725 - INFO - All outputs generated
2026-06-27 00:32:31,725 - INFO - Models loaded successfully
2026-06-27 00:32:32,527 - INFO - Checking trained models
2026-06-27 00:32:32,527 - INFO - Autoencoder model loaded
2026-06-27 00:32:32,527 - INFO - CNN-LSTM model loaded
2026-06-27 00:32:32,527 - INFO - Training started for Transformer
2026-06-27 00:32:58,019 - INFO - Transformer error: The least populated class in y has only 1 member, which is too few. The minimum number of groups for any class cannot be less than 2.
2026-06-27 00:32:58,022 - INFO - Fraud Detection model loaded
2026-06-27 00:32:58,022 - INFO - LANL model loaded
2026-06-27 00:32:58,022 - INFO - All models initialized successfully
2026-06-27 00:32:58,023 - INFO - Generating visualization outputs
2026-06-27 00:33:01,923 - INFO - Evaluation pipeline completed
2026-06-27 00:33:01,923 - INFO - Inference pipeline completed
2026-06-27 00:33:01,925 - INFO - All outputs generated
2026-06-27 00:33:01,925 - INFO - FastAPI startup initialized
2026-06-27 00:33:01,925 - INFO - Checking trained models
2026-06-27 00:33:01,925 - INFO - Autoencoder model loaded
2026-06-27 00:33:01,925 - INFO - CNN-LSTM model loaded
2026-06-27 00:33:01,925 - INFO - Training started for Transformer
2026-06-27 00:33:24,760 - INFO - Transformer error: The least populated class in y has only 1 member, which is too few. The minimum number of groups for any class cannot be less than 2.
2026-06-27 00:33:24,763 - INFO - Fraud Detection model loaded
2026-06-27 00:33:24,763 - INFO - LANL model loaded
2026-06-27 00:33:24,763 - INFO - All models initialized successfully
2026-06-27 00:33:24,763 - INFO - Generating visualization outputs
2026-06-27 00:33:28,647 - INFO - Evaluation pipeline completed
2026-06-27 00:33:28,647 - INFO - Inference pipeline completed
2026-06-27 00:33:28,649 - INFO - All outputs generated
2026-06-27 00:33:28,649 - INFO - Models loaded successfully
2026-06-27 00:33:29,432 - INFO - Checking trained models
2026-06-27 00:33:29,432 - INFO - Autoencoder model loaded
2026-06-27 00:33:29,432 - INFO - CNN-LSTM model loaded
2026-06-27 00:33:29,432 - INFO - Training started for Transformer
2026-06-27 00:34:02,410 - INFO - Transformer error: The least populated class in y has only 1 member, which is too few. The minimum number of groups for any class cannot be less than 2.
2026-06-27 00:34:02,413 - INFO - Fraud Detection model loaded
2026-06-27 00:34:02,413 - INFO - LANL model loaded
2026-06-27 00:34:02,413 - INFO - All models initialized successfully
2026-06-27 00:34:02,413 - INFO - Generating visualization outputs
2026-06-27 00:34:06,339 - INFO - Evaluation pipeline completed
2026-06-27 00:34:06,339 - INFO - Inference pipeline completed
2026-06-27 00:34:06,341 - INFO - All outputs generated
2026-06-27 00:34:06,341 - INFO - FastAPI startup initialized
2026-06-27 00:34:06,341 - INFO - Checking trained models
2026-06-27 00:34:06,341 - INFO - Autoencoder model loaded
2026-06-27 00:34:06,341 - INFO - CNN-LSTM model loaded
2026-06-27 00:34:06,341 - INFO - Training started for Transformer
2026-06-27 00:34:27,570 - INFO - Transformer error: The least populated class in y has only 1 member, which is too few. The minimum number of groups for any class cannot be less than 2.
2026-06-27 00:34:27,572 - INFO - Fraud Detection model loaded
2026-06-27 00:34:27,572 - INFO - LANL model loaded
2026-06-27 00:34:27,572 - INFO - All models initialized successfully
2026-06-27 00:34:27,572 - INFO - Generating visualization outputs
2026-06-27 00:34:31,453 - INFO - Evaluation pipeline completed
2026-06-27 00:34:31,453 - INFO - Inference pipeline completed
2026-06-27 00:34:31,455 - INFO - All outputs generated
2026-06-27 00:34:31,455 - INFO - Models loaded successfully
2026-06-27 00:34:32,174 - INFO - Checking trained models
2026-06-27 00:34:32,174 - INFO - Autoencoder model loaded
2026-06-27 00:34:32,174 - INFO - Training started for CNN-LSTM
2026-06-27 00:35:15,477 - INFO - Checking trained models
2026-06-27 00:35:15,477 - INFO - Autoencoder model loaded
2026-06-27 00:35:15,477 - INFO - Training started for CNN-LSTM
2026-06-27 00:35:40,075 - INFO - CNN-LSTM error: Data must be 1-dimensional, got ndarray of shape (31143, 15) instead
2026-06-27 00:35:40,078 - INFO - Training started for Transformer
2026-06-27 00:36:00,983 - INFO - Transformer error: The least populated class in y has only 1 member, which is too few. The minimum number of groups for any class cannot be less than 2.
2026-06-27 00:36:00,986 - INFO - Fraud Detection model loaded
2026-06-27 00:36:00,986 - INFO - LANL model loaded
2026-06-27 00:36:00,986 - INFO - All models initialized successfully
2026-06-27 00:36:00,986 - INFO - Generating visualization outputs
2026-06-27 00:36:04,283 - INFO - Evaluation pipeline completed
2026-06-27 00:36:04,283 - INFO - Inference pipeline completed
2026-06-27 00:36:04,285 - INFO - All outputs generated
2026-06-27 00:36:04,285 - INFO - FastAPI startup initialized
2026-06-27 00:36:04,285 - INFO - Checking trained models
2026-06-27 00:36:04,285 - INFO - Autoencoder model loaded
2026-06-27 00:36:04,285 - INFO - Training started for CNN-LSTM
2026-06-27 00:36:25,951 - INFO - CNN-LSTM error: Data must be 1-dimensional, got ndarray of shape (31143, 15) instead
2026-06-27 00:36:25,957 - INFO - Training started for Transformer
2026-06-27 00:36:48,198 - INFO - Transformer error: The least populated class in y has only 1 member, which is too few. The minimum number of groups for any class cannot be less than 2.
2026-06-27 00:36:48,200 - INFO - Fraud Detection model loaded
2026-06-27 00:36:48,200 - INFO - LANL model loaded
2026-06-27 00:36:48,200 - INFO - All models initialized successfully
2026-06-27 00:36:48,200 - INFO - Generating visualization outputs
2026-06-27 00:36:52,212 - INFO - Evaluation pipeline completed
2026-06-27 00:36:52,212 - INFO - Inference pipeline completed
2026-06-27 00:36:52,214 - INFO - All outputs generated
2026-06-27 00:36:52,214 - INFO - Models loaded successfully
2026-06-27 00:37:35,869 - INFO - Checking trained models
2026-06-27 00:37:35,869 - INFO - Autoencoder model loaded
2026-06-27 00:37:35,869 - INFO - Training started for CNN-LSTM
2026-06-27 00:38:09,845 - INFO - CNN-LSTM error: Data must be 1-dimensional, got ndarray of shape (31143, 15) instead
2026-06-27 00:38:09,848 - INFO - Training started for Transformer
2026-06-27 00:38:37,431 - INFO - Transformer error: The least populated class in y has only 1 member, which is too few. The minimum number of groups for any class cannot be less than 2.
2026-06-27 00:38:37,434 - INFO - Fraud Detection model loaded
2026-06-27 00:38:37,434 - INFO - LANL model loaded
2026-06-27 00:38:37,434 - INFO - All models initialized successfully
2026-06-27 00:38:37,434 - INFO - Generating visualization outputs
2026-06-27 00:38:41,435 - INFO - Evaluation pipeline completed
2026-06-27 00:38:41,436 - INFO - Inference pipeline completed
2026-06-27 00:38:41,437 - INFO - All outputs generated
2026-06-27 00:38:41,437 - INFO - FastAPI startup initialized
2026-06-27 00:38:41,437 - INFO - Checking trained models
2026-06-27 00:38:41,438 - INFO - Autoencoder model loaded
2026-06-27 00:38:41,438 - INFO - Training started for CNN-LSTM
2026-06-27 00:39:03,385 - INFO - CNN-LSTM error: Data must be 1-dimensional, got ndarray of shape (31143, 15) instead
2026-06-27 00:39:03,390 - INFO - Training started for Transformer
2026-06-27 00:39:29,160 - INFO - Transformer error: The least populated class in y has only 1 member, which is too few. The minimum number of groups for any class cannot be less than 2.
2026-06-27 00:39:29,163 - INFO - Fraud Detection model loaded
2026-06-27 00:39:29,163 - INFO - LANL model loaded
2026-06-27 00:39:29,163 - INFO - All models initialized successfully
2026-06-27 00:39:29,163 - INFO - Generating visualization outputs
2026-06-27 00:39:33,235 - INFO - Evaluation pipeline completed
2026-06-27 00:39:33,235 - INFO - Inference pipeline completed
2026-06-27 00:39:33,237 - INFO - All outputs generated
2026-06-27 00:39:33,237 - INFO - Models loaded successfully
2026-06-27 00:39:34,043 - INFO - Checking trained models
2026-06-27 00:39:34,044 - INFO - Autoencoder model loaded
2026-06-27 00:39:34,044 - INFO - Training started for CNN-LSTM
2026-06-27 00:40:41,084 - INFO - CNN-LSTM training completed
2026-06-27 00:40:41,085 - INFO - Training started for Transformer
2026-06-27 00:41:04,186 - INFO - Transformer error: The least populated class in y has only 1 member, which is too few. The minimum number of groups for any class cannot be less than 2.
2026-06-27 00:41:04,189 - INFO - Fraud Detection model loaded
2026-06-27 00:41:04,190 - INFO - LANL model loaded
2026-06-27 00:41:04,190 - INFO - All models initialized successfully
2026-06-27 00:41:04,190 - INFO - Generating visualization outputs
2026-06-27 00:41:08,334 - INFO - Evaluation pipeline completed
2026-06-27 00:41:08,334 - INFO - Inference pipeline completed
2026-06-27 00:41:08,336 - INFO - All outputs generated
2026-06-27 00:41:08,336 - INFO - FastAPI startup initialized
2026-06-27 00:41:08,336 - INFO - Checking trained models
2026-06-27 00:41:08,336 - INFO - Autoencoder model loaded
2026-06-27 00:41:08,336 - INFO - CNN-LSTM model loaded
2026-06-27 00:41:08,336 - INFO - Training started for Transformer
2026-06-27 00:41:35,177 - INFO - Transformer error: The least populated class in y has only 1 member, which is too few. The minimum number of groups for any class cannot be less than 2.
2026-06-27 00:41:35,180 - INFO - Fraud Detection model loaded
2026-06-27 00:41:35,180 - INFO - LANL model loaded
2026-06-27 00:41:35,180 - INFO - All models initialized successfully
2026-06-27 00:41:35,180 - INFO - Generating visualization outputs
2026-06-27 00:41:39,534 - INFO - Evaluation pipeline completed
2026-06-27 00:41:39,534 - INFO - Inference pipeline completed
2026-06-27 00:41:39,535 - INFO - All outputs generated
2026-06-27 00:41:39,535 - INFO - Models loaded successfully
2026-06-27 00:41:40,318 - INFO - Checking trained models
2026-06-27 00:41:40,318 - INFO - Autoencoder model loaded
2026-06-27 00:41:40,318 - INFO - CNN-LSTM model loaded
2026-06-27 00:41:40,318 - INFO - Training started for Transformer
2026-06-27 00:42:15,236 - INFO - Transformer error: The least populated class in y has only 1 member, which is too few. The minimum number of groups for any class cannot be less than 2.
2026-06-27 00:42:15,239 - INFO - Fraud Detection model loaded
2026-06-27 00:42:15,239 - INFO - LANL model loaded
2026-06-27 00:42:15,239 - INFO - All models initialized successfully
2026-06-27 00:42:15,239 - INFO - Generating visualization outputs
2026-06-27 00:48:52,321 - INFO - Checking trained models
2026-06-27 00:48:52,322 - INFO - Autoencoder model loaded
2026-06-27 00:48:52,322 - INFO - CNN-LSTM model loaded
2026-06-27 00:48:52,322 - INFO - Training started for Transformer
2026-06-27 00:49:17,325 - INFO - Transformer error: Arguments `target` and `output` must have the same shape. Received: target.shape=(None, 15), output.shape=(None, 1)
2026-06-27 00:49:17,327 - INFO - Fraud Detection model loaded
2026-06-27 00:49:17,327 - INFO - LANL model loaded
2026-06-27 00:49:17,327 - INFO - All models initialized successfully
2026-06-27 00:49:17,327 - INFO - Generating visualization outputs
2026-06-27 00:49:20,447 - INFO - Evaluation pipeline completed
2026-06-27 00:49:20,447 - INFO - Inference pipeline completed
2026-06-27 00:49:20,448 - INFO - All outputs generated
2026-06-27 00:49:20,449 - INFO - FastAPI startup initialized
2026-06-27 00:49:20,449 - INFO - Checking trained models
2026-06-27 00:49:20,449 - INFO - Autoencoder model loaded
2026-06-27 00:49:20,449 - INFO - CNN-LSTM model loaded
2026-06-27 00:49:20,449 - INFO - Training started for Transformer
2026-06-27 00:49:41,964 - INFO - Transformer error: Arguments `target` and `output` must have the same shape. Received: target.shape=(None, 15), output.shape=(None, 1)
2026-06-27 00:49:41,966 - INFO - Fraud Detection model loaded
2026-06-27 00:49:41,966 - INFO - LANL model loaded
2026-06-27 00:49:41,966 - INFO - All models initialized successfully
2026-06-27 00:49:41,966 - INFO - Generating visualization outputs
2026-06-27 00:49:44,994 - INFO - Evaluation pipeline completed
2026-06-27 00:49:44,994 - INFO - Inference pipeline completed
2026-06-27 00:49:44,995 - INFO - All outputs generated
2026-06-27 00:49:44,995 - INFO - Models loaded successfully
2026-06-27 00:49:45,700 - INFO - Checking trained models
2026-06-27 00:49:45,700 - INFO - Autoencoder model loaded
2026-06-27 00:49:45,700 - INFO - CNN-LSTM model loaded
2026-06-27 00:49:45,700 - INFO - Training started for Transformer
2026-06-27 00:50:10,852 - INFO - Transformer error: Arguments `target` and `output` must have the same shape. Received: target.shape=(None, 15), output.shape=(None, 1)
2026-06-27 00:50:10,854 - INFO - Fraud Detection model loaded
2026-06-27 00:50:10,854 - INFO - LANL model loaded
2026-06-27 00:50:10,854 - INFO - All models initialized successfully
2026-06-27 00:50:10,854 - INFO - Generating visualization outputs
2026-06-27 00:50:14,234 - INFO - Evaluation pipeline completed
2026-06-27 00:50:14,234 - INFO - Inference pipeline completed
2026-06-27 00:50:14,236 - INFO - All outputs generated
2026-06-27 00:50:14,236 - INFO - FastAPI startup initialized
2026-06-27 00:50:14,236 - INFO - Checking trained models
2026-06-27 00:50:14,236 - INFO - Autoencoder model loaded
2026-06-27 00:50:14,236 - INFO - CNN-LSTM model loaded
2026-06-27 00:50:14,236 - INFO - Training started for Transformer
2026-06-27 00:50:36,864 - INFO - Transformer error: Arguments `target` and `output` must have the same shape. Received: target.shape=(None, 15), output.shape=(None, 1)
2026-06-27 00:50:36,866 - INFO - Fraud Detection model loaded
2026-06-27 00:50:36,867 - INFO - LANL model loaded
2026-06-27 00:50:36,867 - INFO - All models initialized successfully
2026-06-27 00:50:36,867 - INFO - Generating visualization outputs
2026-06-27 00:50:40,259 - INFO - Evaluation pipeline completed
2026-06-27 00:50:40,260 - INFO - Inference pipeline completed
2026-06-27 00:50:40,261 - INFO - All outputs generated
2026-06-27 00:50:40,261 - INFO - Models loaded successfully
2026-06-27 00:51:44,935 - INFO - Checking trained models
2026-06-27 00:51:44,935 - INFO - Autoencoder model loaded
2026-06-27 00:51:44,935 - INFO - CNN-LSTM model loaded
2026-06-27 00:51:44,935 - INFO - Training started for Transformer
2026-06-27 00:52:11,580 - INFO - Transformer error: build_transformer() missing 1 required positional argument: 'num_classes'
2026-06-27 00:52:11,583 - INFO - Fraud Detection model loaded
2026-06-27 00:52:11,583 - INFO - LANL model loaded
2026-06-27 00:52:11,583 - INFO - All models initialized successfully
2026-06-27 00:52:11,583 - INFO - Generating visualization outputs
2026-06-27 00:52:15,299 - INFO - Evaluation pipeline completed
2026-06-27 00:52:15,300 - INFO - Inference pipeline completed
2026-06-27 00:52:15,302 - INFO - All outputs generated
2026-06-27 00:52:15,303 - INFO - FastAPI startup initialized
2026-06-27 00:52:15,303 - INFO - Checking trained models
2026-06-27 00:52:15,303 - INFO - Autoencoder model loaded
2026-06-27 00:52:15,303 - INFO - CNN-LSTM model loaded
2026-06-27 00:52:15,303 - INFO - Training started for Transformer
2026-06-27 00:52:38,383 - INFO - Transformer error: build_transformer() missing 1 required positional argument: 'num_classes'
2026-06-27 00:52:38,389 - INFO - Fraud Detection model loaded
2026-06-27 00:52:38,389 - INFO - LANL model loaded
2026-06-27 00:52:38,389 - INFO - All models initialized successfully
2026-06-27 00:52:38,389 - INFO - Generating visualization outputs
2026-06-27 00:52:41,911 - INFO - Evaluation pipeline completed
2026-06-27 00:52:41,911 - INFO - Inference pipeline completed
2026-06-27 00:52:41,913 - INFO - All outputs generated
2026-06-27 00:52:41,913 - INFO - Models loaded successfully
2026-06-27 00:52:55,885 - INFO - Checking trained models
2026-06-27 00:52:55,886 - INFO - Autoencoder model loaded
2026-06-27 00:52:55,886 - INFO - CNN-LSTM model loaded
2026-06-27 00:52:55,886 - INFO - Training started for Transformer
2026-06-27 00:53:21,753 - INFO - Transformer error: build_transformer() missing 1 required positional argument: 'num_classes'
2026-06-27 00:53:21,755 - INFO - Fraud Detection model loaded
2026-06-27 00:53:21,755 - INFO - LANL model loaded
2026-06-27 00:53:21,755 - INFO - All models initialized successfully
2026-06-27 00:53:21,755 - INFO - Generating visualization outputs
2026-06-27 00:53:24,963 - INFO - Evaluation pipeline completed
2026-06-27 00:53:24,963 - INFO - Inference pipeline completed
2026-06-27 00:53:24,965 - INFO - All outputs generated
2026-06-27 00:53:24,965 - INFO - FastAPI startup initialized
2026-06-27 00:53:24,965 - INFO - Checking trained models
2026-06-27 00:53:24,965 - INFO - Autoencoder model loaded
2026-06-27 00:53:24,965 - INFO - CNN-LSTM model loaded
2026-06-27 00:53:24,965 - INFO - Training started for Transformer
2026-06-27 00:53:47,065 - INFO - Transformer error: build_transformer() missing 1 required positional argument: 'num_classes'
2026-06-27 00:53:47,069 - INFO - Fraud Detection model loaded
2026-06-27 00:53:47,069 - INFO - LANL model loaded
2026-06-27 00:53:47,069 - INFO - All models initialized successfully
2026-06-27 00:53:47,069 - INFO - Generating visualization outputs
2026-06-27 00:53:50,281 - INFO - Evaluation pipeline completed
2026-06-27 00:53:50,281 - INFO - Inference pipeline completed
2026-06-27 00:53:50,282 - INFO - All outputs generated
2026-06-27 00:53:50,282 - INFO - Models loaded successfully
2026-06-27 00:53:50,924 - INFO - Checking trained models
2026-06-27 00:53:50,924 - INFO - Autoencoder model loaded
2026-06-27 00:53:50,924 - INFO - CNN-LSTM model loaded
2026-06-27 00:53:50,924 - INFO - Training started for Transformer
2026-06-27 00:54:24,791 - INFO - Transformer error: name 'accuracy' is not defined
2026-06-27 00:54:24,794 - INFO - Fraud Detection model loaded
2026-06-27 00:54:24,794 - INFO - LANL model loaded
2026-06-27 00:54:24,794 - INFO - All models initialized successfully
2026-06-27 00:54:24,794 - INFO - Generating visualization outputs
2026-06-27 00:54:28,955 - INFO - Evaluation pipeline completed
2026-06-27 00:54:28,955 - INFO - Inference pipeline completed
2026-06-27 00:54:28,957 - INFO - All outputs generated
2026-06-27 00:54:28,957 - INFO - FastAPI startup initialized
2026-06-27 00:54:28,957 - INFO - Checking trained models
2026-06-27 00:54:28,957 - INFO - Autoencoder model loaded
2026-06-27 00:54:28,957 - INFO - CNN-LSTM model loaded
2026-06-27 00:54:28,957 - INFO - Training started for Transformer
2026-06-27 00:54:59,835 - INFO - Transformer error: name 'accuracy' is not defined
2026-06-27 00:54:59,842 - INFO - Fraud Detection model loaded
2026-06-27 00:54:59,842 - INFO - LANL model loaded
2026-06-27 00:54:59,842 - INFO - All models initialized successfully
2026-06-27 00:54:59,842 - INFO - Generating visualization outputs
2026-06-27 00:55:03,769 - INFO - Evaluation pipeline completed
2026-06-27 00:55:03,769 - INFO - Inference pipeline completed
2026-06-27 00:55:03,771 - INFO - All outputs generated
2026-06-27 00:55:03,771 - INFO - Models loaded successfully
2026-06-27 00:55:04,509 - INFO - Checking trained models
2026-06-27 00:55:04,509 - INFO - Autoencoder model loaded
2026-06-27 00:55:04,509 - INFO - CNN-LSTM model loaded
2026-06-27 00:55:04,509 - INFO - Training started for Transformer
2026-06-27 00:55:46,036 - INFO - Checking trained models
2026-06-27 00:55:46,036 - INFO - Autoencoder model loaded
2026-06-27 00:55:46,036 - INFO - CNN-LSTM model loaded
2026-06-27 00:55:46,036 - INFO - Training started for Transformer
2026-06-27 00:56:19,244 - INFO - Transformer training completed
2026-06-27 00:56:19,245 - INFO - Fraud Detection model loaded
2026-06-27 00:56:19,245 - INFO - LANL model loaded
2026-06-27 00:56:19,245 - INFO - All models initialized successfully
2026-06-27 00:56:19,245 - INFO - Generating visualization outputs
2026-06-27 00:56:22,638 - INFO - Evaluation pipeline completed
2026-06-27 00:56:22,638 - INFO - Inference pipeline completed
2026-06-27 00:56:22,640 - INFO - All outputs generated
2026-06-27 00:56:22,640 - INFO - FastAPI startup initialized
2026-06-27 00:56:22,640 - INFO - Checking trained models
2026-06-27 00:56:22,640 - INFO - Autoencoder model loaded
2026-06-27 00:56:22,640 - INFO - CNN-LSTM model loaded
2026-06-27 00:56:22,640 - INFO - Transformer model loaded
2026-06-27 00:56:22,640 - INFO - Fraud Detection model loaded
2026-06-27 00:56:22,640 - INFO - LANL model loaded
2026-06-27 00:56:22,640 - INFO - All models initialized successfully
2026-06-27 00:56:22,640 - INFO - Generating visualization outputs
2026-06-27 00:56:26,346 - INFO - Evaluation pipeline completed
2026-06-27 00:56:26,346 - INFO - Inference pipeline completed
2026-06-27 00:56:26,347 - INFO - All outputs generated
2026-06-27 00:56:26,347 - INFO - Models loaded successfully
2026-06-27 01:00:27,454 - INFO - Checking trained models
2026-06-27 01:00:27,454 - INFO - Autoencoder model loaded
2026-06-27 01:00:27,454 - INFO - CNN-LSTM model loaded
2026-06-27 01:00:27,454 - INFO - Transformer model loaded
2026-06-27 01:00:27,454 - INFO - Fraud Detection model loaded
2026-06-27 01:00:27,454 - INFO - LANL model loaded
2026-06-27 01:00:27,454 - INFO - All models initialized successfully
2026-06-27 01:00:27,454 - INFO - Generating visualization outputs
2026-06-27 01:00:31,964 - INFO - Evaluation pipeline completed
2026-06-27 01:00:31,965 - INFO - Inference pipeline completed
2026-06-27 01:00:31,966 - INFO - All outputs generated
2026-06-27 01:00:31,966 - INFO - FastAPI startup initialized
2026-06-27 01:00:31,966 - INFO - Checking trained models
2026-06-27 01:00:31,966 - INFO - Autoencoder model loaded
2026-06-27 01:00:31,966 - INFO - CNN-LSTM model loaded
2026-06-27 01:00:31,966 - INFO - Transformer model loaded
2026-06-27 01:00:31,966 - INFO - Fraud Detection model loaded
2026-06-27 01:00:31,966 - INFO - LANL model loaded
2026-06-27 01:00:31,966 - INFO - All models initialized successfully
2026-06-27 01:00:31,966 - INFO - Generating visualization outputs
2026-06-27 01:00:35,358 - INFO - Evaluation pipeline completed
2026-06-27 01:00:35,358 - INFO - Inference pipeline completed
2026-06-27 01:00:35,359 - INFO - All outputs generated
2026-06-27 01:00:35,359 - INFO - Models loaded successfully
2026-06-27 01:01:27,128 - INFO - Checking trained models
2026-06-27 01:01:27,128 - INFO - Autoencoder model loaded
2026-06-27 01:01:27,128 - INFO - CNN-LSTM model loaded
2026-06-27 01:01:27,128 - INFO - Transformer model loaded
2026-06-27 01:01:27,128 - INFO - Fraud Detection model loaded
2026-06-27 01:01:27,128 - INFO - LANL model loaded
2026-06-27 01:01:27,128 - INFO - All models initialized successfully
2026-06-27 01:01:27,128 - INFO - Generating visualization outputs
2026-06-27 01:01:31,190 - INFO - Evaluation pipeline completed
2026-06-27 01:01:31,190 - INFO - Inference pipeline completed
2026-06-27 01:01:31,192 - INFO - All outputs generated
2026-06-27 01:01:31,192 - INFO - FastAPI startup initialized
2026-06-27 01:01:31,192 - INFO - Checking trained models
2026-06-27 01:01:31,192 - INFO - Autoencoder model loaded
2026-06-27 01:01:31,192 - INFO - CNN-LSTM model loaded
2026-06-27 01:01:31,192 - INFO - Transformer model loaded
2026-06-27 01:01:31,192 - INFO - Fraud Detection model loaded
2026-06-27 01:01:31,192 - INFO - LANL model loaded
2026-06-27 01:01:31,192 - INFO - All models initialized successfully
2026-06-27 01:01:31,192 - INFO - Generating visualization outputs
2026-06-27 01:01:34,499 - INFO - Evaluation pipeline completed
2026-06-27 01:01:34,499 - INFO - Inference pipeline completed
2026-06-27 01:01:34,500 - INFO - All outputs generated
2026-06-27 01:01:34,500 - INFO - Models loaded successfully
2026-06-27 01:05:03,087 - INFO - Checking trained models
2026-06-27 01:05:03,087 - INFO - Autoencoder model loaded
2026-06-27 01:05:03,087 - INFO - CNN-LSTM model loaded
2026-06-27 01:05:03,087 - INFO - Transformer model loaded
2026-06-27 01:05:03,087 - INFO - Fraud Detection model loaded
2026-06-27 01:05:03,087 - INFO - LANL model loaded
2026-06-27 01:05:03,087 - INFO - All models initialized successfully
2026-06-27 01:05:03,087 - INFO - Generating visualization outputs
2026-06-27 01:05:07,165 - INFO - Evaluation pipeline completed
2026-06-27 01:05:07,165 - INFO - Inference pipeline completed
2026-06-27 01:05:07,167 - INFO - All outputs generated
2026-06-27 01:05:07,167 - INFO - FastAPI startup initialized
2026-06-27 01:05:07,167 - INFO - Checking trained models
2026-06-27 01:05:07,167 - INFO - Autoencoder model loaded
2026-06-27 01:05:07,167 - INFO - CNN-LSTM model loaded
2026-06-27 01:05:07,167 - INFO - Transformer model loaded
2026-06-27 01:05:07,167 - INFO - Fraud Detection model loaded
2026-06-27 01:05:07,167 - INFO - LANL model loaded
2026-06-27 01:05:07,167 - INFO - All models initialized successfully
2026-06-27 01:05:07,167 - INFO - Generating visualization outputs
2026-06-27 01:05:10,540 - INFO - Evaluation pipeline completed
2026-06-27 01:05:10,540 - INFO - Inference pipeline completed
2026-06-27 01:05:10,541 - INFO - All outputs generated
2026-06-27 01:05:10,541 - INFO - Models loaded successfully
2026-06-27 01:05:37,909 - INFO - Checking trained models
2026-06-27 01:05:37,909 - INFO - Autoencoder model loaded
2026-06-27 01:05:37,909 - INFO - CNN-LSTM model loaded
2026-06-27 01:05:37,909 - INFO - Transformer model loaded
2026-06-27 01:05:37,909 - INFO - Fraud Detection model loaded
2026-06-27 01:05:37,909 - INFO - LANL model loaded
2026-06-27 01:05:37,909 - INFO - All models initialized successfully
2026-06-27 01:05:37,909 - INFO - Generating visualization outputs
2026-06-27 01:05:42,011 - INFO - Evaluation pipeline completed
2026-06-27 01:05:42,011 - INFO - Inference pipeline completed
2026-06-27 01:05:42,013 - INFO - All outputs generated
2026-06-27 01:05:42,013 - INFO - FastAPI startup initialized
2026-06-27 01:05:42,013 - INFO - Checking trained models
2026-06-27 01:05:42,013 - INFO - Autoencoder model loaded
2026-06-27 01:05:42,013 - INFO - CNN-LSTM model loaded
2026-06-27 01:05:42,013 - INFO - Transformer model loaded
2026-06-27 01:05:42,013 - INFO - Fraud Detection model loaded
2026-06-27 01:05:42,013 - INFO - LANL model loaded
2026-06-27 01:05:42,013 - INFO - All models initialized successfully
2026-06-27 01:05:42,013 - INFO - Generating visualization outputs
2026-06-27 01:05:45,403 - INFO - Evaluation pipeline completed
2026-06-27 01:05:45,403 - INFO - Inference pipeline completed
2026-06-27 01:05:45,404 - INFO - All outputs generated
2026-06-27 01:05:45,404 - INFO - Models loaded successfully
2026-06-27 01:06:24,295 - INFO - Checking trained models
2026-06-27 01:06:24,295 - INFO - Autoencoder model loaded
2026-06-27 01:06:24,295 - INFO - CNN-LSTM model loaded
2026-06-27 01:06:24,295 - INFO - Transformer model loaded
2026-06-27 01:06:24,295 - INFO - Fraud Detection model loaded
2026-06-27 01:06:24,295 - INFO - LANL model loaded
2026-06-27 01:06:24,295 - INFO - All models initialized successfully
2026-06-27 01:06:24,295 - INFO - Generating visualization outputs
2026-06-27 01:06:28,289 - INFO - Evaluation pipeline completed
2026-06-27 01:06:28,290 - INFO - Inference pipeline completed
2026-06-27 01:06:28,291 - INFO - All outputs generated
2026-06-27 01:06:28,291 - INFO - FastAPI startup initialized
2026-06-27 01:06:28,291 - INFO - Checking trained models
2026-06-27 01:06:28,291 - INFO - Autoencoder model loaded
2026-06-27 01:06:28,291 - INFO - CNN-LSTM model loaded
2026-06-27 01:06:28,291 - INFO - Transformer model loaded
2026-06-27 01:06:28,292 - INFO - Fraud Detection model loaded
2026-06-27 01:06:28,292 - INFO - LANL model loaded
2026-06-27 01:06:28,292 - INFO - All models initialized successfully
2026-06-27 01:06:28,292 - INFO - Generating visualization outputs
2026-06-27 01:06:31,633 - INFO - Evaluation pipeline completed
2026-06-27 01:06:31,633 - INFO - Inference pipeline completed
2026-06-27 01:06:31,635 - INFO - All outputs generated
2026-06-27 01:06:31,635 - INFO - Models loaded successfully
2026-06-27 01:07:22,299 - INFO - Checking trained models
2026-06-27 01:07:22,299 - INFO - Autoencoder model loaded
2026-06-27 01:07:22,299 - INFO - CNN-LSTM model loaded
2026-06-27 01:07:22,299 - INFO - Transformer model loaded
2026-06-27 01:07:22,299 - INFO - Training started for Fraud Detection
2026-06-27 01:07:30,148 - INFO - Fraud Detection training completed
2026-06-27 01:07:30,148 - INFO - LANL model loaded
2026-06-27 01:07:30,148 - INFO - All models initialized successfully
2026-06-27 01:07:30,148 - INFO - Generating visualization outputs
2026-06-27 01:07:33,442 - INFO - Evaluation pipeline completed
2026-06-27 01:07:33,442 - INFO - Inference pipeline completed
2026-06-27 01:07:33,443 - INFO - All outputs generated
2026-06-27 01:07:33,443 - INFO - FastAPI startup initialized
2026-06-27 01:07:33,443 - INFO - Checking trained models
2026-06-27 01:07:33,443 - INFO - Autoencoder model loaded
2026-06-27 01:07:33,443 - INFO - CNN-LSTM model loaded
2026-06-27 01:07:33,443 - INFO - Transformer model loaded
2026-06-27 01:07:33,443 - INFO - Fraud Detection model loaded
2026-06-27 01:07:33,443 - INFO - LANL model loaded
2026-06-27 01:07:33,443 - INFO - All models initialized successfully
2026-06-27 01:07:33,443 - INFO - Generating visualization outputs
2026-06-27 01:07:36,696 - INFO - Evaluation pipeline completed
2026-06-27 01:07:36,696 - INFO - Inference pipeline completed
2026-06-27 01:07:36,697 - INFO - All outputs generated
2026-06-27 01:07:36,697 - INFO - Models loaded successfully
2026-06-27 01:07:55,915 - INFO - Checking trained models
2026-06-27 01:07:55,915 - INFO - Autoencoder model loaded
2026-06-27 01:07:55,915 - INFO - CNN-LSTM model loaded
2026-06-27 01:07:55,915 - INFO - Transformer model loaded
2026-06-27 01:07:55,915 - INFO - Fraud Detection model loaded
2026-06-27 01:07:55,915 - INFO - LANL model loaded
2026-06-27 01:07:55,915 - INFO - All models initialized successfully
2026-06-27 01:07:55,915 - INFO - Generating visualization outputs
2026-06-27 01:07:59,888 - INFO - Evaluation pipeline completed
2026-06-27 01:07:59,889 - INFO - Inference pipeline completed
2026-06-27 01:07:59,890 - INFO - All outputs generated
2026-06-27 01:07:59,890 - INFO - FastAPI startup initialized
2026-06-27 01:07:59,890 - INFO - Checking trained models
2026-06-27 01:07:59,890 - INFO - Autoencoder model loaded
2026-06-27 01:07:59,890 - INFO - CNN-LSTM model loaded
2026-06-27 01:07:59,890 - INFO - Transformer model loaded
2026-06-27 01:07:59,890 - INFO - Fraud Detection model loaded
2026-06-27 01:07:59,890 - INFO - LANL model loaded
2026-06-27 01:07:59,890 - INFO - All models initialized successfully
2026-06-27 01:07:59,890 - INFO - Generating visualization outputs
2026-06-27 01:08:03,240 - INFO - Evaluation pipeline completed
2026-06-27 01:08:03,240 - INFO - Inference pipeline completed
2026-06-27 01:08:03,242 - INFO - All outputs generated
2026-06-27 01:08:03,242 - INFO - Models loaded successfully
2026-06-27 01:15:45,825 - INFO - Checking trained models
2026-06-27 01:15:45,825 - INFO - Autoencoder model loaded
2026-06-27 01:15:45,825 - INFO - CNN-LSTM model loaded
2026-06-27 01:15:45,825 - INFO - Transformer model loaded
2026-06-27 01:15:45,825 - INFO - Fraud Detection model loaded
2026-06-27 01:15:45,825 - INFO - LANL model loaded
2026-06-27 01:15:45,825 - INFO - All models initialized successfully
2026-06-27 01:15:45,825 - INFO - Generating visualization outputs
2026-06-27 01:15:49,894 - INFO - Evaluation pipeline completed
2026-06-27 01:15:49,895 - INFO - Inference pipeline completed
2026-06-27 01:15:49,896 - INFO - All outputs generated
2026-06-27 01:15:49,896 - INFO - FastAPI startup initialized
2026-06-27 01:15:49,896 - INFO - Checking trained models
2026-06-27 01:15:49,896 - INFO - Autoencoder model loaded
2026-06-27 01:15:49,896 - INFO - CNN-LSTM model loaded
2026-06-27 01:15:49,896 - INFO - Transformer model loaded
2026-06-27 01:15:49,896 - INFO - Fraud Detection model loaded
2026-06-27 01:15:49,896 - INFO - LANL model loaded
2026-06-27 01:15:49,896 - INFO - All models initialized successfully
2026-06-27 01:15:49,896 - INFO - Generating visualization outputs
2026-06-27 01:15:53,273 - INFO - Evaluation pipeline completed
2026-06-27 01:15:53,273 - INFO - Inference pipeline completed
2026-06-27 01:15:53,274 - INFO - All outputs generated
2026-06-27 01:15:53,274 - INFO - Models loaded successfully
2026-06-27 01:16:30,851 - INFO - Checking trained models
2026-06-27 01:16:30,851 - INFO - Autoencoder model loaded
2026-06-27 01:16:30,851 - INFO - CNN-LSTM model loaded
2026-06-27 01:16:30,851 - INFO - Transformer model loaded
2026-06-27 01:16:30,851 - INFO - Fraud Detection model loaded
2026-06-27 01:16:30,852 - INFO - LANL model loaded
2026-06-27 01:16:30,852 - INFO - All models initialized successfully
2026-06-27 01:16:30,852 - INFO - Generating visualization outputs
2026-06-27 01:16:34,927 - INFO - Evaluation pipeline completed
2026-06-27 01:16:34,928 - INFO - Inference pipeline completed
2026-06-27 01:16:34,929 - INFO - All outputs generated
2026-06-27 01:16:34,930 - INFO - FastAPI startup initialized
2026-06-27 01:16:34,930 - INFO - Checking trained models
2026-06-27 01:16:34,930 - INFO - Autoencoder model loaded
2026-06-27 01:16:34,930 - INFO - CNN-LSTM model loaded
2026-06-27 01:16:34,930 - INFO - Transformer model loaded
2026-06-27 01:16:34,930 - INFO - Fraud Detection model loaded
2026-06-27 01:16:34,930 - INFO - LANL model loaded
2026-06-27 01:16:34,930 - INFO - All models initialized successfully
2026-06-27 01:16:34,930 - INFO - Generating visualization outputs
2026-06-27 01:16:38,214 - INFO - Evaluation pipeline completed
2026-06-27 01:16:38,214 - INFO - Inference pipeline completed
2026-06-27 01:16:38,216 - INFO - All outputs generated
2026-06-27 01:16:38,216 - INFO - Models loaded successfully
2026-06-27 01:16:42,469 - INFO - Checking trained models
2026-06-27 01:16:42,469 - INFO - Training started for Autoencoder
2026-06-27 01:17:15,063 - INFO - Autoencoder training completed
2026-06-27 01:17:15,064 - INFO - CNN-LSTM model loaded
2026-06-27 01:17:15,064 - INFO - Transformer model loaded
2026-06-27 01:17:15,064 - INFO - Fraud Detection model loaded
2026-06-27 01:17:15,064 - INFO - LANL model loaded
2026-06-27 01:17:15,064 - INFO - All models initialized successfully
2026-06-27 01:17:15,064 - INFO - Generating visualization outputs
2026-06-27 01:17:18,960 - INFO - Evaluation pipeline completed
2026-06-27 01:17:18,960 - INFO - Inference pipeline completed
2026-06-27 01:17:18,962 - INFO - All outputs generated
2026-06-27 01:17:18,962 - INFO - FastAPI startup initialized
2026-06-27 01:17:18,962 - INFO - Checking trained models
2026-06-27 01:17:18,962 - INFO - Autoencoder model loaded
2026-06-27 01:17:18,962 - INFO - CNN-LSTM model loaded
2026-06-27 01:17:18,962 - INFO - Transformer model loaded
2026-06-27 01:17:18,962 - INFO - Fraud Detection model loaded
2026-06-27 01:17:18,962 - INFO - LANL model loaded
2026-06-27 01:17:18,962 - INFO - All models initialized successfully
2026-06-27 01:17:18,962 - INFO - Generating visualization outputs
2026-06-27 01:17:22,445 - INFO - Evaluation pipeline completed
2026-06-27 01:17:22,445 - INFO - Inference pipeline completed
2026-06-27 01:17:22,446 - INFO - All outputs generated
2026-06-27 01:17:22,446 - INFO - Models loaded successfully
2026-06-27 01:20:16,564 - INFO - Checking trained models
2026-06-27 01:20:16,564 - INFO - Autoencoder model loaded
2026-06-27 01:20:16,564 - INFO - CNN-LSTM model loaded
2026-06-27 01:20:16,564 - INFO - Transformer model loaded
2026-06-27 01:20:16,564 - INFO - Fraud Detection model loaded
2026-06-27 01:20:16,564 - INFO - LANL model loaded
2026-06-27 01:20:16,564 - INFO - All models initialized successfully
2026-06-27 01:20:16,564 - INFO - Generating visualization outputs
2026-06-27 01:20:20,932 - INFO - Evaluation pipeline completed
2026-06-27 01:20:20,933 - INFO - Inference pipeline completed
2026-06-27 01:20:20,935 - INFO - All outputs generated
2026-06-27 01:20:20,935 - INFO - FastAPI startup initialized
2026-06-27 01:20:20,935 - INFO - Checking trained models
2026-06-27 01:20:20,935 - INFO - Autoencoder model loaded
2026-06-27 01:20:20,935 - INFO - CNN-LSTM model loaded
2026-06-27 01:20:20,935 - INFO - Transformer model loaded
2026-06-27 01:20:20,935 - INFO - Fraud Detection model loaded
2026-06-27 01:20:20,936 - INFO - LANL model loaded
2026-06-27 01:20:20,936 - INFO - All models initialized successfully
2026-06-27 01:20:20,936 - INFO - Generating visualization outputs
2026-06-27 01:20:25,021 - INFO - Evaluation pipeline completed
2026-06-27 01:20:25,021 - INFO - Inference pipeline completed
2026-06-27 01:20:25,023 - INFO - All outputs generated
2026-06-27 01:20:25,023 - INFO - Models loaded successfully
2026-06-27 01:20:34,020 - INFO - Checking trained models
2026-06-27 01:20:34,020 - INFO - Autoencoder model loaded
2026-06-27 01:20:34,020 - INFO - CNN-LSTM model loaded
2026-06-27 01:20:34,020 - INFO - Transformer model loaded
2026-06-27 01:20:34,020 - INFO - Fraud Detection model loaded
2026-06-27 01:20:34,020 - INFO - LANL model loaded
2026-06-27 01:20:34,020 - INFO - All models initialized successfully
2026-06-27 01:20:34,020 - INFO - Generating visualization outputs
2026-06-27 01:20:38,209 - INFO - Evaluation pipeline completed
2026-06-27 01:20:38,209 - INFO - Inference pipeline completed
2026-06-27 01:20:38,211 - INFO - All outputs generated
2026-06-27 01:20:38,211 - INFO - FastAPI startup initialized
2026-06-27 01:20:38,211 - INFO - Checking trained models
2026-06-27 01:20:38,211 - INFO - Autoencoder model loaded
2026-06-27 01:20:38,211 - INFO - CNN-LSTM model loaded
2026-06-27 01:20:38,211 - INFO - Transformer model loaded
2026-06-27 01:20:38,211 - INFO - Fraud Detection model loaded
2026-06-27 01:20:38,211 - INFO - LANL model loaded
2026-06-27 01:20:38,211 - INFO - All models initialized successfully
2026-06-27 01:20:38,211 - INFO - Generating visualization outputs
2026-06-27 01:20:41,617 - INFO - Evaluation pipeline completed
2026-06-27 01:20:41,617 - INFO - Inference pipeline completed
2026-06-27 01:20:41,619 - INFO - All outputs generated
2026-06-27 01:20:41,619 - INFO - Models loaded successfully
2026-06-27 01:21:32,349 - INFO - Checking trained models
2026-06-27 01:21:32,349 - INFO - Autoencoder model loaded
2026-06-27 01:21:32,349 - INFO - CNN-LSTM model loaded
2026-06-27 01:21:32,350 - INFO - Transformer model loaded
2026-06-27 01:21:32,350 - INFO - Fraud Detection model loaded
2026-06-27 01:21:32,350 - INFO - LANL model loaded
2026-06-27 01:21:32,350 - INFO - All models initialized successfully
2026-06-27 01:21:32,350 - INFO - Generating visualization outputs
2026-06-27 01:21:37,562 - INFO - Evaluation pipeline completed
2026-06-27 01:21:37,563 - INFO - Inference pipeline completed
2026-06-27 01:21:37,565 - INFO - All outputs generated
2026-06-27 01:21:37,565 - INFO - FastAPI startup initialized
2026-06-27 01:21:37,565 - INFO - Checking trained models
2026-06-27 01:21:37,565 - INFO - Autoencoder model loaded
2026-06-27 01:21:37,565 - INFO - CNN-LSTM model loaded
2026-06-27 01:21:37,565 - INFO - Transformer model loaded
2026-06-27 01:21:37,565 - INFO - Fraud Detection model loaded
2026-06-27 01:21:37,565 - INFO - LANL model loaded
2026-06-27 01:21:37,565 - INFO - All models initialized successfully
2026-06-27 01:21:37,565 - INFO - Generating visualization outputs
2026-06-27 01:21:41,951 - INFO - Evaluation pipeline completed
2026-06-27 01:21:41,952 - INFO - Inference pipeline completed
2026-06-27 01:21:41,953 - INFO - All outputs generated
2026-06-27 01:21:41,953 - INFO - Models loaded successfully
2026-06-27 01:21:42,544 - INFO - Checking trained models
2026-06-27 01:21:42,544 - INFO - Autoencoder model loaded
2026-06-27 01:21:42,544 - INFO - CNN-LSTM model loaded
2026-06-27 01:21:42,545 - INFO - Transformer model loaded
2026-06-27 01:21:42,545 - INFO - Fraud Detection model loaded
2026-06-27 01:21:42,545 - INFO - LANL model loaded
2026-06-27 01:21:42,545 - INFO - All models initialized successfully
2026-06-27 01:21:42,545 - INFO - Generating visualization outputs
2026-06-27 01:21:48,911 - INFO - Evaluation pipeline completed
2026-06-27 01:21:48,912 - INFO - Inference pipeline completed
2026-06-27 01:21:48,914 - INFO - All outputs generated
2026-06-27 01:21:48,914 - INFO - FastAPI startup initialized
2026-06-27 01:21:48,914 - INFO - Checking trained models
2026-06-27 01:21:48,914 - INFO - Autoencoder model loaded
2026-06-27 01:21:48,914 - INFO - CNN-LSTM model loaded
2026-06-27 01:21:48,914 - INFO - Transformer model loaded
2026-06-27 01:21:48,914 - INFO - Fraud Detection model loaded
2026-06-27 01:21:48,914 - INFO - LANL model loaded
2026-06-27 01:21:48,914 - INFO - All models initialized successfully
2026-06-27 01:21:48,914 - INFO - Generating visualization outputs
2026-06-27 01:21:54,313 - INFO - Evaluation pipeline completed
2026-06-27 01:21:54,314 - INFO - Inference pipeline completed
2026-06-27 01:21:54,316 - INFO - All outputs generated
2026-06-27 01:21:54,316 - INFO - Models loaded successfully
2026-06-27 01:21:58,442 - INFO - Checking trained models
2026-06-27 01:21:58,442 - INFO - Autoencoder model loaded
2026-06-27 01:21:58,442 - INFO - CNN-LSTM model loaded
2026-06-27 01:21:58,442 - INFO - Transformer model loaded
2026-06-27 01:21:58,443 - INFO - Fraud Detection model loaded
2026-06-27 01:21:58,443 - INFO - Training started for LANL
2026-06-27 01:22:30,667 - INFO - LANL training completed
2026-06-27 01:22:30,668 - INFO - All models initialized successfully
2026-06-27 01:22:30,668 - INFO - Generating visualization outputs
2026-06-27 01:22:35,295 - INFO - Evaluation pipeline completed
2026-06-27 01:22:35,296 - INFO - Inference pipeline completed
2026-06-27 01:22:35,298 - INFO - All outputs generated
2026-06-27 01:22:35,298 - INFO - FastAPI startup initialized
2026-06-27 01:22:35,298 - INFO - Checking trained models
2026-06-27 01:22:35,298 - INFO - Autoencoder model loaded
2026-06-27 01:22:35,298 - INFO - CNN-LSTM model loaded
2026-06-27 01:22:35,298 - INFO - Transformer model loaded
2026-06-27 01:22:35,298 - INFO - Fraud Detection model loaded
2026-06-27 01:22:35,298 - INFO - LANL model loaded
2026-06-27 01:22:35,298 - INFO - All models initialized successfully
2026-06-27 01:22:35,298 - INFO - Generating visualization outputs
2026-06-27 01:22:39,273 - INFO - Evaluation pipeline completed
2026-06-27 01:22:39,273 - INFO - Inference pipeline completed
2026-06-27 01:22:39,274 - INFO - All outputs generated
2026-06-27 01:22:39,274 - INFO - Models loaded successfully
2026-06-27 01:22:40,019 - INFO - Checking trained models
2026-06-27 01:22:40,019 - INFO - Autoencoder model loaded
2026-06-27 01:22:40,019 - INFO - CNN-LSTM model loaded
2026-06-27 01:22:40,019 - INFO - Transformer model loaded
2026-06-27 01:22:40,019 - INFO - Fraud Detection model loaded
2026-06-27 01:22:40,019 - INFO - LANL model loaded
2026-06-27 01:22:40,019 - INFO - All models initialized successfully
2026-06-27 01:22:40,019 - INFO - Generating visualization outputs
2026-06-27 01:22:45,471 - INFO - Evaluation pipeline completed
2026-06-27 01:22:45,472 - INFO - Inference pipeline completed
2026-06-27 01:22:45,474 - INFO - All outputs generated
2026-06-27 01:22:45,474 - INFO - FastAPI startup initialized
2026-06-27 01:22:45,474 - INFO - Checking trained models
2026-06-27 01:22:45,474 - INFO - Autoencoder model loaded
2026-06-27 01:22:45,474 - INFO - CNN-LSTM model loaded
2026-06-27 01:22:45,474 - INFO - Transformer model loaded
2026-06-27 01:22:45,474 - INFO - Fraud Detection model loaded
2026-06-27 01:22:45,474 - INFO - LANL model loaded
2026-06-27 01:22:45,474 - INFO - All models initialized successfully
2026-06-27 01:22:45,474 - INFO - Generating visualization outputs
2026-06-27 01:22:50,159 - INFO - Evaluation pipeline completed
2026-06-27 01:22:50,159 - INFO - Inference pipeline completed
2026-06-27 01:22:50,161 - INFO - All outputs generated
2026-06-27 01:22:50,161 - INFO - Models loaded successfully
2026-06-27 01:26:37,566 - INFO - Checking trained models
2026-06-27 01:26:37,566 - INFO - Autoencoder model loaded
2026-06-27 01:26:37,566 - INFO - CNN-LSTM model loaded
2026-06-27 01:26:37,566 - INFO - Transformer model loaded
2026-06-27 01:26:37,566 - INFO - Fraud Detection model loaded
2026-06-27 01:26:37,566 - INFO - LANL model loaded
2026-06-27 01:26:37,566 - INFO - All models initialized successfully
2026-06-27 01:26:37,566 - INFO - Generating visualization outputs
2026-06-27 01:26:41,723 - INFO - Evaluation pipeline completed
2026-06-27 01:26:41,723 - INFO - Inference pipeline completed
2026-06-27 01:26:41,724 - INFO - All outputs generated
2026-06-27 01:26:41,724 - INFO - FastAPI startup initialized
2026-06-27 01:26:41,724 - INFO - Checking trained models
2026-06-27 01:26:41,724 - INFO - Autoencoder model loaded
2026-06-27 01:26:41,724 - INFO - CNN-LSTM model loaded
2026-06-27 01:26:41,725 - INFO - Transformer model loaded
2026-06-27 01:26:41,725 - INFO - Fraud Detection model loaded
2026-06-27 01:26:41,725 - INFO - LANL model loaded
2026-06-27 01:26:41,725 - INFO - All models initialized successfully
2026-06-27 01:26:41,725 - INFO - Generating visualization outputs
2026-06-27 01:26:45,243 - INFO - Evaluation pipeline completed
2026-06-27 01:26:45,243 - INFO - Inference pipeline completed
2026-06-27 01:26:45,244 - INFO - All outputs generated
2026-06-27 01:26:45,244 - INFO - Models loaded successfully
2026-06-27 01:44:40,048 - INFO - Checking trained models
2026-06-27 01:44:40,048 - INFO - Autoencoder model loaded
2026-06-27 01:44:40,048 - INFO - CNN-LSTM model loaded
2026-06-27 01:44:40,048 - INFO - Transformer model loaded
2026-06-27 01:44:40,048 - INFO - Fraud Detection model loaded
2026-06-27 01:44:40,048 - INFO - LANL model loaded
2026-06-27 01:44:40,048 - INFO - All models initialized successfully
2026-06-27 01:44:40,048 - INFO - Generating visualization outputs
2026-06-27 01:44:44,058 - INFO - Evaluation pipeline completed
2026-06-27 01:44:44,058 - INFO - Inference pipeline completed
2026-06-27 01:44:44,060 - INFO - All outputs generated
2026-06-27 01:44:44,060 - INFO - FastAPI startup initialized
2026-06-27 01:44:44,060 - INFO - Checking trained models
2026-06-27 01:44:44,060 - INFO - Autoencoder model loaded
2026-06-27 01:44:44,060 - INFO - CNN-LSTM model loaded
2026-06-27 01:44:44,060 - INFO - Transformer model loaded
2026-06-27 01:44:44,060 - INFO - Fraud Detection model loaded
2026-06-27 01:44:44,060 - INFO - LANL model loaded
2026-06-27 01:44:44,060 - INFO - All models initialized successfully
2026-06-27 01:44:44,060 - INFO - Generating visualization outputs
2026-06-27 01:44:47,293 - INFO - Evaluation pipeline completed
2026-06-27 01:44:47,293 - INFO - Inference pipeline completed
2026-06-27 01:44:47,295 - INFO - All outputs generated
2026-06-27 01:44:47,295 - INFO - Models loaded successfully
